// Jest Snapshot v1, https://goo.gl/fbAQLP

exports[`should render CollectionsOverview component 1`] = `<styled.div />`;
