// Jest Snapshot v1, https://goo.gl/fbAQLP

exports[`should render Directory component 1`] = `<styled.div />`;
