// Jest Snapshot v1, https://goo.gl/fbAQLP

exports[`should render CustomButton component 1`] = `<styled.button />`;
